bytebuffer.c:49:6:bb_isAttached	16	static
bytebuffer.c:62:16:bb_getCapacity	16	static
bytebuffer.c:77:16:bb_size	16	static
bytebuffer.c:90:5:bb_init	16	static
bytebuffer.c:105:5:bb_capacity	16	static
bytebuffer.c:153:6:bb_zero	16	static
bytebuffer.c:170:5:bb_setUInt8	24	static
bytebuffer.c:188:5:bb_insertUInt8	32	static
bytebuffer.c:208:5:bb_setUInt8ByIndex	16	static
bytebuffer.c:239:5:bb_setUInt16	16	static
bytebuffer.c:265:5:bb_setUInt32	24	static
bytebuffer.c:277:5:bb_setUInt32ByIndex	24	static
bytebuffer.c:302:5:bb_setUInt64	32	static
bytebuffer.c:352:5:bb_setFloat	24	static
bytebuffer.c:388:5:bb_setDouble	40	static
bytebuffer.c:430:5:bb_setInt8	16	static
bytebuffer.c:437:5:bb_setInt16	16	static
bytebuffer.c:444:5:bb_setInt32	16	static
bytebuffer.c:451:5:bb_setInt64	32	static
bytebuffer.c:464:5:bb_set	24	static
bytebuffer.c:500:5:bb_set2	32	static
bytebuffer.c:527:5:bb_addString	24	static
bytebuffer.c:556:6:bb_attach	24	static
bytebuffer.c:573:6:bb_attachString	24	static
bytebuffer.c:587:5:bb_clear	16	static
bytebuffer.c:605:5:bb_getUInt8	16	static
bytebuffer.c:618:5:bb_getInt8	16	static
bytebuffer.c:631:5:bb_getUInt8ByIndex	24	static
bytebuffer.c:645:5:bb_getUInt16	16	static
bytebuffer.c:660:5:bb_getUInt32	16	static
bytebuffer.c:674:5:bb_getInt16	16	static
bytebuffer.c:689:5:bb_getInt32	24	static
bytebuffer.c:699:5:bb_getUInt32ByIndex	24	static
bytebuffer.c:713:5:bb_getInt64	24	static
bytebuffer.c:725:5:bb_getUInt64	24	static
bytebuffer.c:737:5:bb_getUInt64ByIndex	72	static
bytebuffer.c:755:5:bb_getUInt128ByIndex	32	static
bytebuffer.c:777:5:bb_getFloat	24	static
bytebuffer.c:800:5:bb_getDouble	32	static
bytebuffer.c:828:5:bb_getUInt16ByIndex	24	static
bytebuffer.c:842:5:bb_addHexString	32	static
bytebuffer.c:863:7:bb_toString	24	static
bytebuffer.c:872:7:bb_toHexString	24	static
bytebuffer.c:879:6:bb_addIntAsString	40	static
bytebuffer.c:888:6:bb_addDoubleAsString	56	static
bytebuffer.c:917:5:bb_subArray	32	static
bytebuffer.c:935:5:bb_insert	40	static
bytebuffer.c:965:5:bb_move	40	static
bytebuffer.c:1018:5:bb_trim	24	static
bytebuffer.c:1043:15:bb_compare	32	static
bytebuffer.c:1069:5:bb_get	24	static
bytebuffer.c:1084:15:bb_indexOf	24	static
