server.c:90:6:svr_copyAssociationView	24	static
server.c:114:5:svr_initialize	64	static
server.c:213:5:svr_updateShortNames	40	static
server.c:263:6:svr_setInitialize	16	static
server.c:293:6:svr_reset	16	static
server.c:310:5:svr_HandleAarqRequest	152	static
server.c:494:5:svr_handleSnrmRequest	32	static
server.c:567:5:svr_generateDisconnectRequest	24	static
server.c:604:5:svr_reportError	152	static
server.c:688:5:svr_handleSetRequest2	80	static
server.c:831:5:svr_hanleSetRequestWithDataBlock	56	static
server.c:903:5:svr_generateConfirmedServiceError	24	static
server.c:922:5:svr_handleSetRequest	88	static
server.c:983:5:svr_getRequestNormal	128	static
server.c:1138:5:svr_getRequestNextDataBlock	112	static
server.c:1234:5:svr_getRequestWithList	136	static
server.c:1382:5:svr_handleGetRequest	88	static
server.c:1448:5:svr_findSNObject	48	static
server.c:1495:5:svr_handleRead	64	static
server.c:1575:5:svr_getReadData	48	static
server.c:1656:5:svr_handleReadBlockNumberAccess	120	static
server.c:1752:5:svr_handleReadDataBlockAccess	128	static
server.c:1849:5:svr_returnSNError	88	static
server.c:1870:5:svr_handleReadRequest	104	static
server.c:1997:5:svr_handleWriteRequest	136	static
server.c:2172:5:svr_handleMethodRequest	128	static
server.c:2329:5:svr_handleReleaseRequest	32	static
server.c:2361:5:svr_handleCommand	40	static
server.c:2469:5:svr_handleRequest	24	static
server.c:2477:5:svr_handleRequest3	24	static
server.c:2485:5:svr_handleRequest2	56	static
server.c:2741:5:handleInactivityTimeout	24	static
server.c:2768:5:svr_run	16	static
