main.c:144:6:time_current	8	static
main.c:152:6:time_elapsed	8	static
main.c:158:6:time_now	16	static
main.c:172:5:addAssociation	16	static
main.c:193:5:addLogicalDeviceName	40	static
main.c:231:5:addPfRegisterObject	24	static
main.c:255:5:addl1VoltageRegisterObject	24	static
main.c:274:5:addl2VoltageRegisterObject	24	static
main.c:294:5:addl3VoltageRegisterObject	24	static
main.c:316:5:addl1CurrentRegisterObject	24	static
main.c:338:5:addl2CurrentRegisterObject	24	static
main.c:359:5:addl3CurrentRegisterObject	24	static
main.c:380:5:addKwhRegisterObject	24	static
main.c:400:5:addKvahRegisterObject	24	static
main.c:421:5:addlineFreq	24	static
main.c:442:5:svr_InitObjects	16	static
main.c:464:5:svr_findObject	24	static
main.c:481:6:svr_preRead	32	static
main.c:622:6:svr_preWrite	24	static
main.c:647:6:svr_preAction	32	static
main.c:672:6:svr_postRead	16	static
main.c:680:6:svr_postWrite	16	static
main.c:689:6:svr_postAction	32	static
main.c:704:15:svr_isTarget	32	static
main.c:727:24:svr_validateAuthentication	24	static
main.c:746:18:svr_getAttributeAccess	24	static
main.c:776:25:svr_getMethodAccess	24	static
main.c:801:5:svr_connected	16	static
main.c:813:5:svr_invalidConnection	16	static
main.c:822:5:svr_disconnected	16	static
main.c:828:6:svr_preGet	32	static
main.c:843:6:svr_postGet	16	static
main.c:856:6:svr_getDataType	16	static
main.c:867:6:UART3_IRQHandler	16	static
main.c:1042:5:main	40	static
